==16959== Memcheck, a memory error detector
==16959== Copyright (C) 2002-2022, and GNU GPL'd, by Julian Seward et al.
==16959== Using Valgrind-3.22.0 and LibVEX; rerun with -h for copyright info
==16959== Command: ./main
==16959== Parent PID: 13342
==16959== 
==16959== 
==16959== HEAP SUMMARY:
==16959==     in use at exit: 4 bytes in 1 blocks
==16959==   total heap usage: 5 allocs, 4 frees, 74,828 bytes allocated
==16959== 
==16959== 4 bytes in 1 blocks are still reachable in loss record 1 of 1
==16959==    at 0x4846FA3: operator new(unsigned long) (in /usr/libexec/valgrind/vgpreload_memcheck-amd64-linux.so)
==16959==    by 0x10A5AA: ham_bi_leak_still_reachable() (main.cpp:38)
==16959==    by 0x10A63D: main (main.cpp:49)
==16959== 
==16959== LEAK SUMMARY:
==16959==    definitely lost: 0 bytes in 0 blocks
==16959==    indirectly lost: 0 bytes in 0 blocks
==16959==      possibly lost: 0 bytes in 0 blocks
==16959==    still reachable: 4 bytes in 1 blocks
==16959==         suppressed: 0 bytes in 0 blocks
==16959== 
==16959== For lists of detected and suppressed errors, rerun with: -s
==16959== ERROR SUMMARY: 0 errors from 0 contexts (suppressed: 0 from 0)
